Archive member included to satisfy reference by file (symbol)

/usr/lib/gcc/arm-none-eabi/10.3.1/../../../arm-none-eabi/lib/thumb/v7e-m+fp/hard/libc_nano.a(lib_a-atexit.o)
                              /usr/lib/gcc/arm-none-eabi/10.3.1/../../../arm-none-eabi/lib/thumb/v7e-m+fp/hard/crt0.o (atexit)
/usr/lib/gcc/arm-none-eabi/10.3.1/../../../arm-none-eabi/lib/thumb/v7e-m+fp/hard/libc_nano.a(lib_a-exit.o)
                              /usr/lib/gcc/arm-none-eabi/10.3.1/../../../arm-none-eabi/lib/thumb/v7e-m+fp/hard/crt0.o (exit)
/usr/lib/gcc/arm-none-eabi/10.3.1/../../../arm-none-eabi/lib/thumb/v7e-m+fp/hard/libc_nano.a(lib_a-fini.o)
                              /usr/lib/gcc/arm-none-eabi/10.3.1/../../../arm-none-eabi/lib/thumb/v7e-m+fp/hard/crt0.o (__libc_fini_array)
/usr/lib/gcc/arm-none-eabi/10.3.1/../../../arm-none-eabi/lib/thumb/v7e-m+fp/hard/libc_nano.a(lib_a-impure.o)
                              /usr/lib/gcc/arm-none-eabi/10.3.1/../../../arm-none-eabi/lib/thumb/v7e-m+fp/hard/libc_nano.a(lib_a-exit.o) (_global_impure_ptr)
/usr/lib/gcc/arm-none-eabi/10.3.1/../../../arm-none-eabi/lib/thumb/v7e-m+fp/hard/libc_nano.a(lib_a-init.o)
                              /usr/lib/gcc/arm-none-eabi/10.3.1/../../../arm-none-eabi/lib/thumb/v7e-m+fp/hard/crt0.o (__libc_init_array)
/usr/lib/gcc/arm-none-eabi/10.3.1/../../../arm-none-eabi/lib/thumb/v7e-m+fp/hard/libc_nano.a(lib_a-memset.o)
                              /usr/lib/gcc/arm-none-eabi/10.3.1/../../../arm-none-eabi/lib/thumb/v7e-m+fp/hard/crt0.o (memset)
/usr/lib/gcc/arm-none-eabi/10.3.1/../../../arm-none-eabi/lib/thumb/v7e-m+fp/hard/libc_nano.a(lib_a-__atexit.o)
                              /usr/lib/gcc/arm-none-eabi/10.3.1/../../../arm-none-eabi/lib/thumb/v7e-m+fp/hard/libc_nano.a(lib_a-atexit.o) (__register_exitproc)
/usr/lib/gcc/arm-none-eabi/10.3.1/../../../arm-none-eabi/lib/thumb/v7e-m+fp/hard/libc_nano.a(lib_a-__call_atexit.o)
                              /usr/lib/gcc/arm-none-eabi/10.3.1/../../../arm-none-eabi/lib/thumb/v7e-m+fp/hard/libc_nano.a(lib_a-__atexit.o) (__call_exitprocs)
/usr/lib/gcc/arm-none-eabi/10.3.1/thumb/v7e-m+fp/hard/libgcc.a(_aeabi_uldivmod.o)
                              CMakeFiles/STMidi.dir/Drivers/STM32F4xx_HAL_Driver/Src/stm32f4xx_hal_uart.c.obj (__aeabi_uldivmod)
/usr/lib/gcc/arm-none-eabi/10.3.1/thumb/v7e-m+fp/hard/libgcc.a(_udivmoddi4.o)
                              /usr/lib/gcc/arm-none-eabi/10.3.1/thumb/v7e-m+fp/hard/libgcc.a(_aeabi_uldivmod.o) (__udivmoddi4)
/usr/lib/gcc/arm-none-eabi/10.3.1/thumb/v7e-m+fp/hard/libgcc.a(_dvmd_tls.o)
                              /usr/lib/gcc/arm-none-eabi/10.3.1/thumb/v7e-m+fp/hard/libgcc.a(_aeabi_uldivmod.o) (__aeabi_ldiv0)
/usr/lib/gcc/arm-none-eabi/10.3.1/../../../arm-none-eabi/lib/thumb/v7e-m+fp/hard/libg_nano.a(lib_a-errno.o)
                              CMakeFiles/STMidi.dir/Core/Src/sysmem.c.obj (__errno)

Discarded input sections

 .text          0x0000000000000000        0x0 /usr/lib/gcc/arm-none-eabi/10.3.1/thumb/v7e-m+fp/hard/crti.o
 .data          0x0000000000000000        0x0 /usr/lib/gcc/arm-none-eabi/10.3.1/thumb/v7e-m+fp/hard/crti.o
 .bss           0x0000000000000000        0x0 /usr/lib/gcc/arm-none-eabi/10.3.1/thumb/v7e-m+fp/hard/crti.o
 .data          0x0000000000000000        0x4 /usr/lib/gcc/arm-none-eabi/10.3.1/thumb/v7e-m+fp/hard/crtbegin.o
 .rodata        0x0000000000000000       0x24 /usr/lib/gcc/arm-none-eabi/10.3.1/thumb/v7e-m+fp/hard/crtbegin.o
 .text          0x0000000000000000       0x70 /usr/lib/gcc/arm-none-eabi/10.3.1/../../../arm-none-eabi/lib/thumb/v7e-m+fp/hard/crt0.o
 .data          0x0000000000000000        0x0 /usr/lib/gcc/arm-none-eabi/10.3.1/../../../arm-none-eabi/lib/thumb/v7e-m+fp/hard/crt0.o
 .bss           0x0000000000000000        0x0 /usr/lib/gcc/arm-none-eabi/10.3.1/../../../arm-none-eabi/lib/thumb/v7e-m+fp/hard/crt0.o
 .ARM.extab     0x0000000000000000        0x0 /usr/lib/gcc/arm-none-eabi/10.3.1/../../../arm-none-eabi/lib/thumb/v7e-m+fp/hard/crt0.o
 .ARM.exidx     0x0000000000000000       0x10 /usr/lib/gcc/arm-none-eabi/10.3.1/../../../arm-none-eabi/lib/thumb/v7e-m+fp/hard/crt0.o
 .debug_line    0x0000000000000000       0x87 /usr/lib/gcc/arm-none-eabi/10.3.1/../../../arm-none-eabi/lib/thumb/v7e-m+fp/hard/crt0.o
 .debug_info    0x0000000000000000       0x26 /usr/lib/gcc/arm-none-eabi/10.3.1/../../../arm-none-eabi/lib/thumb/v7e-m+fp/hard/crt0.o
 .debug_abbrev  0x0000000000000000       0x14 /usr/lib/gcc/arm-none-eabi/10.3.1/../../../arm-none-eabi/lib/thumb/v7e-m+fp/hard/crt0.o
 .debug_aranges
                0x0000000000000000       0x20 /usr/lib/gcc/arm-none-eabi/10.3.1/../../../arm-none-eabi/lib/thumb/v7e-m+fp/hard/crt0.o
 .debug_str     0x0000000000000000       0x98 /usr/lib/gcc/arm-none-eabi/10.3.1/../../../arm-none-eabi/lib/thumb/v7e-m+fp/hard/crt0.o
 .ARM.attributes
                0x0000000000000000       0x1c /usr/lib/gcc/arm-none-eabi/10.3.1/../../../arm-none-eabi/lib/thumb/v7e-m+fp/hard/crt0.o
[...]
Memory Configuration

Name             Origin             Length             Attributes
RAM              0x0000000020000000 0x0000000000018000 xrw
FLASH            0x0000000008000000 0x0000000000080000 xr
*default*        0x0000000000000000 0xffffffffffffffff

Linker script and memory map

LOAD /usr/lib/gcc/arm-none-eabi/10.3.1/thumb/v7e-m+fp/hard/crti.o
LOAD /usr/lib/gcc/arm-none-eabi/10.3.1/thumb/v7e-m+fp/hard/crtbegin.o
LOAD /usr/lib/gcc/arm-none-eabi/10.3.1/../../../arm-none-eabi/lib/thumb/v7e-m+fp/hard/crt0.o
START GROUP
LOAD /usr/lib/gcc/arm-none-eabi/10.3.1/../../../arm-none-eabi/lib/thumb/v7e-m+fp/hard/libc_nano.a
LOAD /usr/lib/gcc/arm-none-eabi/10.3.1/../../../arm-none-eabi/lib/thumb/v7e-m+fp/hard/libm.a
END GROUP
LOAD CMakeFiles/STMidi.dir/Core/Src/main.c.obj
LOAD CMakeFiles/STMidi.dir/Core/Src/stm32f4xx_it.c.obj
LOAD CMakeFiles/STMidi.dir/Core/Src/stm32f4xx_hal_msp.c.obj
LOAD CMakeFiles/STMidi.dir/Drivers/STM32F4xx_HAL_Driver/Src/stm32f4xx_hal_uart.c.obj
LOAD CMakeFiles/STMidi.dir/Drivers/STM32F4xx_HAL_Driver/Src/stm32f4xx_hal_rcc.c.obj
LOAD CMakeFiles/STMidi.dir/Drivers/STM32F4xx_HAL_Driver/Src/stm32f4xx_hal_rcc_ex.c.obj
LOAD CMakeFiles/STMidi.dir/Drivers/STM32F4xx_HAL_Driver/Src/stm32f4xx_hal_flash.c.obj
LOAD CMakeFiles/STMidi.dir/Drivers/STM32F4xx_HAL_Driver/Src/stm32f4xx_hal_flash_ex.c.obj
LOAD CMakeFiles/STMidi.dir/Drivers/STM32F4xx_HAL_Driver/Src/stm32f4xx_hal_flash_ramfunc.c.obj
LOAD CMakeFiles/STMidi.dir/Drivers/STM32F4xx_HAL_Driver/Src/stm32f4xx_hal_gpio.c.obj
LOAD CMakeFiles/STMidi.dir/Drivers/STM32F4xx_HAL_Driver/Src/stm32f4xx_hal_dma_ex.c.obj
LOAD CMakeFiles/STMidi.dir/Drivers/STM32F4xx_HAL_Driver/Src/stm32f4xx_hal_dma.c.obj
LOAD CMakeFiles/STMidi.dir/Drivers/STM32F4xx_HAL_Driver/Src/stm32f4xx_hal_pwr.c.obj
LOAD CMakeFiles/STMidi.dir/Drivers/STM32F4xx_HAL_Driver/Src/stm32f4xx_hal_pwr_ex.c.obj
LOAD CMakeFiles/STMidi.dir/Drivers/STM32F4xx_HAL_Driver/Src/stm32f4xx_hal_cortex.c.obj
LOAD CMakeFiles/STMidi.dir/Drivers/STM32F4xx_HAL_Driver/Src/stm32f4xx_hal.c.obj
LOAD CMakeFiles/STMidi.dir/Drivers/STM32F4xx_HAL_Driver/Src/stm32f4xx_hal_exti.c.obj
LOAD CMakeFiles/STMidi.dir/Core/Src/system_stm32f4xx.c.obj
LOAD CMakeFiles/STMidi.dir/Core/Src/sysmem.c.obj
LOAD CMakeFiles/STMidi.dir/Core/Src/syscalls.c.obj
LOAD CMakeFiles/STMidi.dir/startup_stm32f401xe.s.obj
START GROUP
LOAD /usr/lib/gcc/arm-none-eabi/10.3.1/thumb/v7e-m+fp/hard/libgcc.a
LOAD /usr/lib/gcc/arm-none-eabi/10.3.1/../../../arm-none-eabi/lib/thumb/v7e-m+fp/hard/libg_nano.a
LOAD /usr/lib/gcc/arm-none-eabi/10.3.1/../../../arm-none-eabi/lib/thumb/v7e-m+fp/hard/libc_nano.a
END GROUP
START GROUP
LOAD /usr/lib/gcc/arm-none-eabi/10.3.1/thumb/v7e-m+fp/hard/libgcc.a
LOAD /usr/lib/gcc/arm-none-eabi/10.3.1/../../../arm-none-eabi/lib/thumb/v7e-m+fp/hard/libc_nano.a
END GROUP
LOAD /usr/lib/gcc/arm-none-eabi/10.3.1/thumb/v7e-m+fp/hard/crtend.o
LOAD /usr/lib/gcc/arm-none-eabi/10.3.1/thumb/v7e-m+fp/hard/crtn.o
                0x0000000020018000                _estack = (ORIGIN (RAM) + LENGTH (RAM))
                0x0000000000000200                _Min_Heap_Size = 0x200
                0x0000000000000400                _Min_Stack_Size = 0x400

.isr_vector     0x0000000008000000      0x194
                0x0000000008000000                . = ALIGN (0x4)
 *(.isr_vector)
 .isr_vector    0x0000000008000000      0x194 CMakeFiles/STMidi.dir/startup_stm32f401xe.s.obj
                0x0000000008000000                g_pfnVectors
                0x0000000008000194                . = ALIGN (0x4)

.text           0x0000000008000194     0x1d10
                0x0000000008000194                . = ALIGN (0x4)
 *(.text)
 .text          0x0000000008000194       0x88 /usr/lib/gcc/arm-none-eabi/10.3.1/thumb/v7e-m+fp/hard/crtbegin.o
 .text          0x000000000800021c       0x48 /usr/lib/gcc/arm-none-eabi/10.3.1/../../../arm-none-eabi/lib/thumb/v7e-m+fp/hard/libc_nano.a(lib_a-init.o)
                0x000000000800021c                __libc_init_array
 .text          0x0000000008000264       0xa4 /usr/lib/gcc/arm-none-eabi/10.3.1/../../../arm-none-eabi/lib/thumb/v7e-m+fp/hard/libc_nano.a(lib_a-memset.o)
                0x0000000008000264                memset
 .text          0x0000000008000308       0x30 /usr/lib/gcc/arm-none-eabi/10.3.1/thumb/v7e-m+fp/hard/libgcc.a(_aeabi_uldivmod.o)
                0x0000000008000308                __aeabi_uldivmod
 .text          0x0000000008000338      0x2d0 /usr/lib/gcc/arm-none-eabi/10.3.1/thumb/v7e-m+fp/hard/libgcc.a(_udivmoddi4.o)
                0x0000000008000338                __udivmoddi4
 .text          0x0000000008000608        0x4 /usr/lib/gcc/arm-none-eabi/10.3.1/thumb/v7e-m+fp/hard/libgcc.a(_dvmd_tls.o)
                0x0000000008000608                __aeabi_ldiv0
                0x0000000008000608                __aeabi_idiv0
 *(.text*)
 .text.main     0x000000000800060c       0x1a CMakeFiles/STMidi.dir/Core/Src/main.c.obj
                0x000000000800060c                main
 *fill*         0x0000000008000626        0x2 
 .text.SystemClock_Config
                0x0000000008000628       0xd8 CMakeFiles/STMidi.dir/Core/Src/main.c.obj
                0x0000000008000628                SystemClock_Config
 .text.MX_USART2_UART_Init
                0x0000000008000700       0x54 CMakeFiles/STMidi.dir/Core/Src/main.c.obj
 .text.MX_GPIO_Init
                0x0000000008000754       0xdc CMakeFiles/STMidi.dir/Core/Src/main.c.obj
 .text.Error_Handler
                0x0000000008000830        0xa CMakeFiles/STMidi.dir/Core/Src/main.c.obj
                0x0000000008000830                Error_Handler
 .text.NMI_Handler
                0x000000000800083a        0x6 CMakeFiles/STMidi.dir/Core/Src/stm32f4xx_it.c.obj
                0x000000000800083a                NMI_Handler
 .text.HardFault_Handler
                0x0000000008000840        0x6 CMakeFiles/STMidi.dir/Core/Src/stm32f4xx_it.c.obj
                0x0000000008000840                HardFault_Handler
 .text.MemManage_Handler
                0x0000000008000846        0x6 CMakeFiles/STMidi.dir/Core/Src/stm32f4xx_it.c.obj
                0x0000000008000846                MemManage_Handler
 .text.BusFault_Handler
                0x000000000800084c        0x6 CMakeFiles/STMidi.dir/Core/Src/stm32f4xx_it.c.obj
                0x000000000800084c                BusFault_Handler
 .text.UsageFault_Handler
                0x0000000008000852        0x6 CMakeFiles/STMidi.dir/Core/Src/stm32f4xx_it.c.obj
                0x0000000008000852                UsageFault_Handler
 .text.SVC_Handler
                0x0000000008000858        0xe CMakeFiles/STMidi.dir/Core/Src/stm32f4xx_it.c.obj
                0x0000000008000858                SVC_Handler
 .text.DebugMon_Handler
                0x0000000008000866        0xe CMakeFiles/STMidi.dir/Core/Src/stm32f4xx_it.c.obj
                0x0000000008000866                DebugMon_Handler
 .text.PendSV_Handler
                0x0000000008000874        0xe CMakeFiles/STMidi.dir/Core/Src/stm32f4xx_it.c.obj
                0x0000000008000874                PendSV_Handler
 .text.SysTick_Handler
                0x0000000008000882        0xc CMakeFiles/STMidi.dir/Core/Src/stm32f4xx_it.c.obj
                0x0000000008000882                SysTick_Handler
 *fill*         0x000000000800088e        0x2 
 .text.HAL_MspInit
                0x0000000008000890       0x50 CMakeFiles/STMidi.dir/Core/Src/stm32f4xx_hal_msp.c.obj
                0x0000000008000890                HAL_MspInit
 .text.HAL_UART_MspInit
                0x00000000080008e0       0x90 CMakeFiles/STMidi.dir/Core/Src/stm32f4xx_hal_msp.c.obj
                0x00000000080008e0                HAL_UART_MspInit
 .text.HAL_UART_Init
                0x0000000008000970       0xa0 CMakeFiles/STMidi.dir/Drivers/STM32F4xx_HAL_Driver/Src/stm32f4xx_hal_uart.c.obj
                0x0000000008000970                HAL_UART_Init
 .text.UART_SetConfig
                0x0000000008000a10      0x4e8 CMakeFiles/STMidi.dir/Drivers/STM32F4xx_HAL_Driver/Src/stm32f4xx_hal_uart.c.obj
 .text.HAL_RCC_OscConfig
                0x0000000008000ef8      0x4f0 CMakeFiles/STMidi.dir/Drivers/STM32F4xx_HAL_Driver/Src/stm32f4xx_hal_rcc.c.obj
                0x0000000008000ef8                HAL_RCC_OscConfig
 .text.HAL_RCC_ClockConfig
                0x00000000080013e8      0x1cc CMakeFiles/STMidi.dir/Drivers/STM32F4xx_HAL_Driver/Src/stm32f4xx_hal_rcc.c.obj
                0x00000000080013e8                HAL_RCC_ClockConfig
 .text.HAL_RCC_GetSysClockFreq
                0x00000000080015b4      0x20c CMakeFiles/STMidi.dir/Drivers/STM32F4xx_HAL_Driver/Src/stm32f4xx_hal_rcc.c.obj
                0x00000000080015b4                HAL_RCC_GetSysClockFreq
 .text.HAL_RCC_GetHCLKFreq
                0x00000000080017c0       0x18 CMakeFiles/STMidi.dir/Drivers/STM32F4xx_HAL_Driver/Src/stm32f4xx_hal_rcc.c.obj
                0x00000000080017c0                HAL_RCC_GetHCLKFreq
 .text.HAL_RCC_GetPCLK1Freq
                0x00000000080017d8       0x28 CMakeFiles/STMidi.dir/Drivers/STM32F4xx_HAL_Driver/Src/stm32f4xx_hal_rcc.c.obj
                0x00000000080017d8                HAL_RCC_GetPCLK1Freq
 .text.HAL_RCC_GetPCLK2Freq
                0x0000000008001800       0x28 CMakeFiles/STMidi.dir/Drivers/STM32F4xx_HAL_Driver/Src/stm32f4xx_hal_rcc.c.obj
                0x0000000008001800                HAL_RCC_GetPCLK2Freq
 .text.HAL_GPIO_Init
                0x0000000008001828      0x308 CMakeFiles/STMidi.dir/Drivers/STM32F4xx_HAL_Driver/Src/stm32f4xx_hal_gpio.c.obj
                0x0000000008001828                HAL_GPIO_Init
 .text.HAL_GPIO_WritePin
                0x0000000008001b30       0x32 CMakeFiles/STMidi.dir/Drivers/STM32F4xx_HAL_Driver/Src/stm32f4xx_hal_gpio.c.obj
                0x0000000008001b30                HAL_GPIO_WritePin
 *fill*         0x0000000008001b62        0x2 
 .text.__NVIC_SetPriorityGrouping
                0x0000000008001b64       0x48 CMakeFiles/STMidi.dir/Drivers/STM32F4xx_HAL_Driver/Src/stm32f4xx_hal_cortex.c.obj
 .text.__NVIC_GetPriorityGrouping
                0x0000000008001bac       0x1c CMakeFiles/STMidi.dir/Drivers/STM32F4xx_HAL_Driver/Src/stm32f4xx_hal_cortex.c.obj
 .text.__NVIC_SetPriority
                0x0000000008001bc8       0x54 CMakeFiles/STMidi.dir/Drivers/STM32F4xx_HAL_Driver/Src/stm32f4xx_hal_cortex.c.obj
 .text.NVIC_EncodePriority
                0x0000000008001c1c       0x66 CMakeFiles/STMidi.dir/Drivers/STM32F4xx_HAL_Driver/Src/stm32f4xx_hal_cortex.c.obj
 *fill*         0x0000000008001c82        0x2 
 .text.SysTick_Config
                0x0000000008001c84       0x44 CMakeFiles/STMidi.dir/Drivers/STM32F4xx_HAL_Driver/Src/stm32f4xx_hal_cortex.c.obj
 .text.HAL_NVIC_SetPriorityGrouping
                0x0000000008001cc8       0x16 CMakeFiles/STMidi.dir/Drivers/STM32F4xx_HAL_Driver/Src/stm32f4xx_hal_cortex.c.obj
                0x0000000008001cc8                HAL_NVIC_SetPriorityGrouping
 .text.HAL_NVIC_SetPriority
                0x0000000008001cde       0x38 CMakeFiles/STMidi.dir/Drivers/STM32F4xx_HAL_Driver/Src/stm32f4xx_hal_cortex.c.obj
                0x0000000008001cde                HAL_NVIC_SetPriority
 .text.HAL_SYSTICK_Config
                0x0000000008001d16       0x18 CMakeFiles/STMidi.dir/Drivers/STM32F4xx_HAL_Driver/Src/stm32f4xx_hal_cortex.c.obj
                0x0000000008001d16                HAL_SYSTICK_Config
 *fill*         0x0000000008001d2e        0x2 
 .text.HAL_Init
                0x0000000008001d30       0x44 CMakeFiles/STMidi.dir/Drivers/STM32F4xx_HAL_Driver/Src/stm32f4xx_hal.c.obj
                0x0000000008001d30                HAL_Init
 .text.HAL_InitTick
                0x0000000008001d74       0x60 CMakeFiles/STMidi.dir/Drivers/STM32F4xx_HAL_Driver/Src/stm32f4xx_hal.c.obj
                0x0000000008001d74                HAL_InitTick
 .text.HAL_IncTick
                0x0000000008001dd4       0x28 CMakeFiles/STMidi.dir/Drivers/STM32F4xx_HAL_Driver/Src/stm32f4xx_hal.c.obj
                0x0000000008001dd4                HAL_IncTick
 .text.HAL_GetTick
                0x0000000008001dfc       0x18 CMakeFiles/STMidi.dir/Drivers/STM32F4xx_HAL_Driver/Src/stm32f4xx_hal.c.obj
                0x0000000008001dfc                HAL_GetTick
 .text.SystemInit
                0x0000000008001e14       0x24 CMakeFiles/STMidi.dir/Core/Src/system_stm32f4xx.c.obj
                0x0000000008001e14                SystemInit
 .text.Reset_Handler
                0x0000000008001e38       0x50 CMakeFiles/STMidi.dir/startup_stm32f401xe.s.obj
                0x0000000008001e38                Reset_Handler
 .text.Default_Handler
                0x0000000008001e88        0x2 CMakeFiles/STMidi.dir/startup_stm32f401xe.s.obj
                0x0000000008001e88                RTC_Alarm_IRQHandler
                0x0000000008001e88                EXTI2_IRQHandler
                0x0000000008001e88                SPI4_IRQHandler
                0x0000000008001e88                TIM1_CC_IRQHandler
                0x0000000008001e88                DMA2_Stream5_IRQHandler
                0x0000000008001e88                DMA1_Stream5_IRQHandler
                0x0000000008001e88                PVD_IRQHandler
                0x0000000008001e88                SDIO_IRQHandler
                0x0000000008001e88                TAMP_STAMP_IRQHandler
                0x0000000008001e88                EXTI3_IRQHandler
                0x0000000008001e88                TIM1_UP_TIM10_IRQHandler
                0x0000000008001e88                I2C3_ER_IRQHandler
                0x0000000008001e88                EXTI0_IRQHandler
                0x0000000008001e88                I2C2_EV_IRQHandler
                0x0000000008001e88                DMA1_Stream2_IRQHandler
                0x0000000008001e88                FPU_IRQHandler
                0x0000000008001e88                DMA2_Stream2_IRQHandler
                0x0000000008001e88                SPI1_IRQHandler
                0x0000000008001e88                TIM1_BRK_TIM9_IRQHandler
                0x0000000008001e88                DMA2_Stream3_IRQHandler
                0x0000000008001e88                USART6_IRQHandler
                0x0000000008001e88                DMA2_Stream0_IRQHandler
                0x0000000008001e88                TIM4_IRQHandler
                0x0000000008001e88                I2C1_EV_IRQHandler
                0x0000000008001e88                DMA1_Stream6_IRQHandler
                0x0000000008001e88                DMA1_Stream1_IRQHandler
                0x0000000008001e88                TIM3_IRQHandler
                0x0000000008001e88                RCC_IRQHandler
                0x0000000008001e88                Default_Handler
                0x0000000008001e88                EXTI15_10_IRQHandler
                0x0000000008001e88                ADC_IRQHandler
                0x0000000008001e88                DMA1_Stream7_IRQHandler
                0x0000000008001e88                TIM5_IRQHandler
                0x0000000008001e88                DMA2_Stream7_IRQHandler
                0x0000000008001e88                I2C3_EV_IRQHandler
                0x0000000008001e88                EXTI9_5_IRQHandler
                0x0000000008001e88                RTC_WKUP_IRQHandler
                0x0000000008001e88                SPI2_IRQHandler
                0x0000000008001e88                DMA1_Stream0_IRQHandler
                0x0000000008001e88                EXTI4_IRQHandler
                0x0000000008001e88                WWDG_IRQHandler
                0x0000000008001e88                TIM2_IRQHandler
                0x0000000008001e88                OTG_FS_WKUP_IRQHandler
                0x0000000008001e88                TIM1_TRG_COM_TIM11_IRQHandler
                0x0000000008001e88                EXTI1_IRQHandler
                0x0000000008001e88                USART2_IRQHandler
                0x0000000008001e88                I2C2_ER_IRQHandler
                0x0000000008001e88                DMA2_Stream1_IRQHandler
                0x0000000008001e88                FLASH_IRQHandler
                0x0000000008001e88                DMA2_Stream4_IRQHandler
                0x0000000008001e88                USART1_IRQHandler
                0x0000000008001e88                OTG_FS_IRQHandler
                0x0000000008001e88                SPI3_IRQHandler
                0x0000000008001e88                DMA1_Stream4_IRQHandler
                0x0000000008001e88                I2C1_ER_IRQHandler
                0x0000000008001e88                DMA2_Stream6_IRQHandler
                0x0000000008001e88                DMA1_Stream3_IRQHandler
 *(.glue_7)
 .glue_7        0x0000000008001e8a        0x0 linker stubs
 *(.glue_7t)
 .glue_7t       0x0000000008001e8a        0x0 linker stubs
 *(.eh_frame)
 *fill*         0x0000000008001e8a        0x2 
 .eh_frame      0x0000000008001e8c        0x0 /usr/lib/gcc/arm-none-eabi/10.3.1/thumb/v7e-m+fp/hard/crtbegin.o
 *(.init)
 .init          0x0000000008001e8c        0x4 /usr/lib/gcc/arm-none-eabi/10.3.1/thumb/v7e-m+fp/hard/crti.o
                0x0000000008001e8c                _init
 .init          0x0000000008001e90        0x8 /usr/lib/gcc/arm-none-eabi/10.3.1/thumb/v7e-m+fp/hard/crtn.o
 *(.fini)
 .fini          0x0000000008001e98        0x4 /usr/lib/gcc/arm-none-eabi/10.3.1/thumb/v7e-m+fp/hard/crti.o
                0x0000000008001e98                _fini
 .fini          0x0000000008001e9c        0x8 /usr/lib/gcc/arm-none-eabi/10.3.1/thumb/v7e-m+fp/hard/crtn.o
                0x0000000008001ea4                . = ALIGN (0x4)
                0x0000000008001ea4                _etext = .

.vfp11_veneer   0x0000000008001ea4        0x0
 .vfp11_veneer  0x0000000008001ea4        0x0 linker stubs

.v4_bx          0x0000000008001ea4        0x0
 .v4_bx         0x0000000008001ea4        0x0 linker stubs

.iplt           0x0000000008001ea4        0x0
 .iplt          0x0000000008001ea4        0x0 /usr/lib/gcc/arm-none-eabi/10.3.1/thumb/v7e-m+fp/hard/crtbegin.o

.rodata         0x0000000008001ea4       0x18
                0x0000000008001ea4                . = ALIGN (0x4)
 *(.rodata)
 *(.rodata*)
 .rodata.AHBPrescTable
                0x0000000008001ea4       0x10 CMakeFiles/STMidi.dir/Core/Src/system_stm32f4xx.c.obj
                0x0000000008001ea4                AHBPrescTable
 .rodata.APBPrescTable
                0x0000000008001eb4        0x8 CMakeFiles/STMidi.dir/Core/Src/system_stm32f4xx.c.obj
                0x0000000008001eb4                APBPrescTable
                0x0000000008001ebc                . = ALIGN (0x4)

.ARM.extab
 *(.ARM.extab* .gnu.linkonce.armextab.*)

.ARM            0x0000000008001ebc        0x8
                0x0000000008001ebc                __exidx_start = .
 *(.ARM.exidx*)
 .ARM.exidx     0x0000000008001ebc        0x8 /usr/lib/gcc/arm-none-eabi/10.3.1/thumb/v7e-m+fp/hard/libgcc.a(_udivmoddi4.o)
                0x0000000008001ec4                __exidx_end = .

.rel.dyn        0x0000000008001ec4        0x0
 .rel.iplt      0x0000000008001ec4        0x0 /usr/lib/gcc/arm-none-eabi/10.3.1/thumb/v7e-m+fp/hard/crtbegin.o

.preinit_array  0x0000000008001ec4        0x0
                0x0000000008001ec4                PROVIDE (__preinit_array_start = .)
 *(.preinit_array*)
                0x0000000008001ec4                PROVIDE (__preinit_array_end = .)

.init_array     0x0000000008001ec4        0x4
                0x0000000008001ec4                PROVIDE (__init_array_start = .)
 *(SORT_BY_NAME(.init_array.*))
 *(.init_array*)
 .init_array    0x0000000008001ec4        0x4 /usr/lib/gcc/arm-none-eabi/10.3.1/thumb/v7e-m+fp/hard/crtbegin.o
                0x0000000008001ec8                PROVIDE (__init_array_end = .)

.fini_array     0x0000000008001ec8        0x4
                0x0000000008001ec8                PROVIDE (__fini_array_start = .)
 *(SORT_BY_NAME(.fini_array.*))
 *(.fini_array*)
 .fini_array    0x0000000008001ec8        0x4 /usr/lib/gcc/arm-none-eabi/10.3.1/thumb/v7e-m+fp/hard/crtbegin.o
                0x0000000008001ecc                PROVIDE (__fini_array_end = .)
                0x0000000008001ecc                _sidata = LOADADDR (.data)

.data           0x0000000020000000        0xc load address 0x0000000008001ecc
                0x0000000020000000                . = ALIGN (0x4)
                0x0000000020000000                _sdata = .
 *(.data)
 *(.data*)
 .data.uwTickPrio
                0x0000000020000000        0x4 CMakeFiles/STMidi.dir/Drivers/STM32F4xx_HAL_Driver/Src/stm32f4xx_hal.c.obj
                0x0000000020000000                uwTickPrio
 .data.uwTickFreq
                0x0000000020000004        0x1 CMakeFiles/STMidi.dir/Drivers/STM32F4xx_HAL_Driver/Src/stm32f4xx_hal.c.obj
                0x0000000020000004                uwTickFreq
 *fill*         0x0000000020000005        0x3 
 .data.SystemCoreClock
                0x0000000020000008        0x4 CMakeFiles/STMidi.dir/Core/Src/system_stm32f4xx.c.obj
                0x0000000020000008                SystemCoreClock
                0x000000002000000c                . = ALIGN (0x4)
                0x000000002000000c                _edata = .

.tm_clone_table
                0x000000002000000c        0x0 load address 0x0000000008001ed8
 .tm_clone_table
                0x000000002000000c        0x0 /usr/lib/gcc/arm-none-eabi/10.3.1/thumb/v7e-m+fp/hard/crtbegin.o
 .tm_clone_table
                0x000000002000000c        0x0 /usr/lib/gcc/arm-none-eabi/10.3.1/thumb/v7e-m+fp/hard/crtend.o

.igot.plt       0x000000002000000c        0x0 load address 0x0000000008001ed8
 .igot.plt      0x000000002000000c        0x0 /usr/lib/gcc/arm-none-eabi/10.3.1/thumb/v7e-m+fp/hard/crtbegin.o
                0x000000002000000c                . = ALIGN (0x4)

.bss            0x000000002000000c       0x68 load address 0x0000000008001ed8
                0x000000002000000c                _sbss = .
                0x000000002000000c                __bss_start__ = _sbss
 *(.bss)
 .bss           0x000000002000000c       0x1c /usr/lib/gcc/arm-none-eabi/10.3.1/thumb/v7e-m+fp/hard/crtbegin.o
 *(.bss*)
 .bss.huart2    0x0000000020000028       0x48 CMakeFiles/STMidi.dir/Core/Src/main.c.obj
                0x0000000020000028                huart2
 .bss.uwTick    0x0000000020000070        0x4 CMakeFiles/STMidi.dir/Drivers/STM32F4xx_HAL_Driver/Src/stm32f4xx_hal.c.obj
                0x0000000020000070                uwTick
 *(COMMON)
                0x0000000020000074                . = ALIGN (0x4)
                0x0000000020000074                _ebss = .
                0x0000000020000074                __bss_end__ = _ebss

._user_heap_stack
                0x0000000020000074      0x604 load address 0x0000000008001ed8
                0x0000000020000078                . = ALIGN (0x8)
 *fill*         0x0000000020000074        0x4 
                [!provide]                        PROVIDE (end = .)
                0x0000000020000078                PROVIDE (_end = .)
                0x0000000020000278                . = (. + _Min_Heap_Size)
 *fill*         0x0000000020000078      0x200 
                0x0000000020000678                . = (. + _Min_Stack_Size)
 *fill*         0x0000000020000278      0x400 
                0x0000000020000678                . = ALIGN (0x8)

/DISCARD/
 libc.a(*)
 libm.a(*)
 libgcc.a(*)
OUTPUT(STMidi.elf elf32-littlearm)
LOAD linker stubs
LOAD /usr/lib/gcc/arm-none-eabi/10.3.1/../../../arm-none-eabi/lib/thumb/v7e-m+fp/hard/libc.a
LOAD /usr/lib/gcc/arm-none-eabi/10.3.1/../../../arm-none-eabi/lib/thumb/v7e-m+fp/hard/libm.a
LOAD /usr/lib/gcc/arm-none-eabi/10.3.1/thumb/v7e-m+fp/hard/libgcc.a

.ARM.attributes
                0x0000000000000000       0x30
 .ARM.attributes
                0x0000000000000000       0x1e /usr/lib/gcc/arm-none-eabi/10.3.1/thumb/v7e-m+fp/hard/crti.o
 .ARM.attributes
                0x000000000000001e       0x34 /usr/lib/gcc/arm-none-eabi/10.3.1/thumb/v7e-m+fp/hard/crtbegin.o
 .ARM.attributes
                0x0000000000000052       0x34 /usr/lib/gcc/arm-none-eabi/10.3.1/../../../arm-none-eabi/lib/thumb/v7e-m+fp/hard/libc_nano.a(lib_a-init.o)
 .ARM.attributes
                0x0000000000000086       0x34 /usr/lib/gcc/arm-none-eabi/10.3.1/../../../arm-none-eabi/lib/thumb/v7e-m+fp/hard/libc_nano.a(lib_a-memset.o)
 .ARM.attributes
                0x00000000000000ba       0x34 CMakeFiles/STMidi.dir/Core/Src/main.c.obj
 .ARM.attributes
                0x00000000000000ee       0x34 CMakeFiles/STMidi.dir/Core/Src/stm32f4xx_it.c.obj
 .ARM.attributes
                0x0000000000000122       0x34 CMakeFiles/STMidi.dir/Core/Src/stm32f4xx_hal_msp.c.obj
 .ARM.attributes
                0x0000000000000156       0x34 CMakeFiles/STMidi.dir/Drivers/STM32F4xx_HAL_Driver/Src/stm32f4xx_hal_uart.c.obj
 .ARM.attributes
                0x000000000000018a       0x34 CMakeFiles/STMidi.dir/Drivers/STM32F4xx_HAL_Driver/Src/stm32f4xx_hal_rcc.c.obj
 .ARM.attributes
                0x00000000000001be       0x34 CMakeFiles/STMidi.dir/Drivers/STM32F4xx_HAL_Driver/Src/stm32f4xx_hal_gpio.c.obj
 .ARM.attributes
                0x00000000000001f2       0x34 CMakeFiles/STMidi.dir/Drivers/STM32F4xx_HAL_Driver/Src/stm32f4xx_hal_cortex.c.obj
 .ARM.attributes
                0x0000000000000226       0x34 CMakeFiles/STMidi.dir/Drivers/STM32F4xx_HAL_Driver/Src/stm32f4xx_hal.c.obj
 .ARM.attributes
                0x000000000000025a       0x34 CMakeFiles/STMidi.dir/Core/Src/system_stm32f4xx.c.obj
 .ARM.attributes
                0x000000000000028e       0x21 CMakeFiles/STMidi.dir/startup_stm32f401xe.s.obj
 .ARM.attributes
                0x00000000000002af       0x1e /usr/lib/gcc/arm-none-eabi/10.3.1/thumb/v7e-m+fp/hard/libgcc.a(_aeabi_uldivmod.o)
 .ARM.attributes
                0x00000000000002cd       0x34 /usr/lib/gcc/arm-none-eabi/10.3.1/thumb/v7e-m+fp/hard/libgcc.a(_udivmoddi4.o)
 .ARM.attributes
                0x0000000000000301       0x1e /usr/lib/gcc/arm-none-eabi/10.3.1/thumb/v7e-m+fp/hard/libgcc.a(_dvmd_tls.o)
 .ARM.attributes
                0x000000000000031f       0x32 /usr/lib/gcc/arm-none-eabi/10.3.1/thumb/v7e-m+fp/hard/crtend.o
 .ARM.attributes
                0x0000000000000351       0x1e /usr/lib/gcc/arm-none-eabi/10.3.1/thumb/v7e-m+fp/hard/crtn.o

.comment        0x0000000000000000       0x33
 .comment       0x0000000000000000       0x33 /usr/lib/gcc/arm-none-eabi/10.3.1/thumb/v7e-m+fp/hard/crtbegin.o
                                         0x34 (size before relaxing)
 .comment       0x0000000000000033       0x34 /usr/lib/gcc/arm-none-eabi/10.3.1/../../../arm-none-eabi/lib/thumb/v7e-m+fp/hard/libc_nano.a(lib_a-init.o)
 .comment       0x0000000000000033       0x34 /usr/lib/gcc/arm-none-eabi/10.3.1/../../../arm-none-eabi/lib/thumb/v7e-m+fp/hard/libc_nano.a(lib_a-memset.o)
 .comment       0x0000000000000033       0x34 CMakeFiles/STMidi.dir/Core/Src/main.c.obj
 .comment       0x0000000000000033       0x34 CMakeFiles/STMidi.dir/Core/Src/stm32f4xx_it.c.obj
 .comment       0x0000000000000033       0x34 CMakeFiles/STMidi.dir/Core/Src/stm32f4xx_hal_msp.c.obj
 .comment       0x0000000000000033       0x34 CMakeFiles/STMidi.dir/Drivers/STM32F4xx_HAL_Driver/Src/stm32f4xx_hal_uart.c.obj
 .comment       0x0000000000000033       0x34 CMakeFiles/STMidi.dir/Drivers/STM32F4xx_HAL_Driver/Src/stm32f4xx_hal_rcc.c.obj
 .comment       0x0000000000000033       0x34 CMakeFiles/STMidi.dir/Drivers/STM32F4xx_HAL_Driver/Src/stm32f4xx_hal_gpio.c.obj
 .comment       0x0000000000000033       0x34 CMakeFiles/STMidi.dir/Drivers/STM32F4xx_HAL_Driver/Src/stm32f4xx_hal_cortex.c.obj
 .comment       0x0000000000000033       0x34 CMakeFiles/STMidi.dir/Drivers/STM32F4xx_HAL_Driver/Src/stm32f4xx_hal.c.obj
 .comment       0x0000000000000033       0x34 CMakeFiles/STMidi.dir/Core/Src/system_stm32f4xx.c.obj
 .comment       0x0000000000000033       0x34 /usr/lib/gcc/arm-none-eabi/10.3.1/thumb/v7e-m+fp/hard/libgcc.a(_udivmoddi4.o)
 .comment       0x0000000000000033       0x34 /usr/lib/gcc/arm-none-eabi/10.3.1/thumb/v7e-m+fp/hard/crtend.o

.debug_info     0x0000000000000000     0x7c63
 .debug_info    0x0000000000000000      0x11a /usr/lib/gcc/arm-none-eabi/10.3.1/../../../arm-none-eabi/lib/thumb/v7e-m+fp/hard/libc_nano.a(lib_a-init.o)
 .debug_info    0x000000000000011a      0x137 /usr/lib/gcc/arm-none-eabi/10.3.1/../../../arm-none-eabi/lib/thumb/v7e-m+fp/hard/libc_nano.a(lib_a-memset.o)
 .debug_info    0x0000000000000251      0xb7f CMakeFiles/STMidi.dir/Core/Src/main.c.obj
 .debug_info    0x0000000000000dd0      0x119 CMakeFiles/STMidi.dir/Core/Src/stm32f4xx_it.c.obj
 .debug_info    0x0000000000000ee9      0x94f CMakeFiles/STMidi.dir/Core/Src/stm32f4xx_hal_msp.c.obj
 .debug_info    0x0000000000001838     0x3088 CMakeFiles/STMidi.dir/Drivers/STM32F4xx_HAL_Driver/Src/stm32f4xx_hal_uart.c.obj
 .debug_info    0x00000000000048c0      0x92d CMakeFiles/STMidi.dir/Drivers/STM32F4xx_HAL_Driver/Src/stm32f4xx_hal_rcc.c.obj
 .debug_info    0x00000000000051ed      0x76a CMakeFiles/STMidi.dir/Drivers/STM32F4xx_HAL_Driver/Src/stm32f4xx_hal_gpio.c.obj
 .debug_info    0x0000000000005957      0xda9 CMakeFiles/STMidi.dir/Drivers/STM32F4xx_HAL_Driver/Src/stm32f4xx_hal_cortex.c.obj
 .debug_info    0x0000000000006700      0x8a7 CMakeFiles/STMidi.dir/Drivers/STM32F4xx_HAL_Driver/Src/stm32f4xx_hal.c.obj
 .debug_info    0x0000000000006fa7      0x537 CMakeFiles/STMidi.dir/Core/Src/system_stm32f4xx.c.obj
 .debug_info    0x00000000000074de       0x22 CMakeFiles/STMidi.dir/startup_stm32f401xe.s.obj
 .debug_info    0x0000000000007500       0x26 /usr/lib/gcc/arm-none-eabi/10.3.1/thumb/v7e-m+fp/hard/libgcc.a(_aeabi_uldivmod.o)
 .debug_info    0x0000000000007526      0x717 /usr/lib/gcc/arm-none-eabi/10.3.1/thumb/v7e-m+fp/hard/libgcc.a(_udivmoddi4.o)
 .debug_info    0x0000000000007c3d       0x26 /usr/lib/gcc/arm-none-eabi/10.3.1/thumb/v7e-m+fp/hard/libgcc.a(_dvmd_tls.o)

.debug_abbrev   0x0000000000000000     0x1416
 .debug_abbrev  0x0000000000000000       0xcc /usr/lib/gcc/arm-none-eabi/10.3.1/../../../arm-none-eabi/lib/thumb/v7e-m+fp/hard/libc_nano.a(lib_a-init.o)
 .debug_abbrev  0x00000000000000cc       0xb4 /usr/lib/gcc/arm-none-eabi/10.3.1/../../../arm-none-eabi/lib/thumb/v7e-m+fp/hard/libc_nano.a(lib_a-memset.o)
 .debug_abbrev  0x0000000000000180      0x1fa CMakeFiles/STMidi.dir/Core/Src/main.c.obj
 .debug_abbrev  0x000000000000037a       0x61 CMakeFiles/STMidi.dir/Core/Src/stm32f4xx_it.c.obj
 .debug_abbrev  0x00000000000003db      0x186 CMakeFiles/STMidi.dir/Core/Src/stm32f4xx_hal_msp.c.obj
 .debug_abbrev  0x0000000000000561      0x2c4 CMakeFiles/STMidi.dir/Drivers/STM32F4xx_HAL_Driver/Src/stm32f4xx_hal_uart.c.obj
 .debug_abbrev  0x0000000000000825      0x262 CMakeFiles/STMidi.dir/Drivers/STM32F4xx_HAL_Driver/Src/stm32f4xx_hal_rcc.c.obj
 .debug_abbrev  0x0000000000000a87      0x1c4 CMakeFiles/STMidi.dir/Drivers/STM32F4xx_HAL_Driver/Src/stm32f4xx_hal_gpio.c.obj
 .debug_abbrev  0x0000000000000c4b      0x30d CMakeFiles/STMidi.dir/Drivers/STM32F4xx_HAL_Driver/Src/stm32f4xx_hal_cortex.c.obj
 .debug_abbrev  0x0000000000000f58      0x20b CMakeFiles/STMidi.dir/Drivers/STM32F4xx_HAL_Driver/Src/stm32f4xx_hal.c.obj
 .debug_abbrev  0x0000000000001163      0x116 CMakeFiles/STMidi.dir/Core/Src/system_stm32f4xx.c.obj
 .debug_abbrev  0x0000000000001279       0x12 CMakeFiles/STMidi.dir/startup_stm32f401xe.s.obj
 .debug_abbrev  0x000000000000128b       0x14 /usr/lib/gcc/arm-none-eabi/10.3.1/thumb/v7e-m+fp/hard/libgcc.a(_aeabi_uldivmod.o)
 .debug_abbrev  0x000000000000129f      0x163 /usr/lib/gcc/arm-none-eabi/10.3.1/thumb/v7e-m+fp/hard/libgcc.a(_udivmoddi4.o)
 .debug_abbrev  0x0000000000001402       0x14 /usr/lib/gcc/arm-none-eabi/10.3.1/thumb/v7e-m+fp/hard/libgcc.a(_dvmd_tls.o)

.debug_loc      0x0000000000000000     0x12f5
 .debug_loc     0x0000000000000000       0xba /usr/lib/gcc/arm-none-eabi/10.3.1/../../../arm-none-eabi/lib/thumb/v7e-m+fp/hard/libc_nano.a(lib_a-init.o)
 .debug_loc     0x00000000000000ba      0x22c /usr/lib/gcc/arm-none-eabi/10.3.1/../../../arm-none-eabi/lib/thumb/v7e-m+fp/hard/libc_nano.a(lib_a-memset.o)
 .debug_loc     0x00000000000002e6     0x100f /usr/lib/gcc/arm-none-eabi/10.3.1/thumb/v7e-m+fp/hard/libgcc.a(_udivmoddi4.o)

.debug_aranges  0x0000000000000000      0x6c8
 .debug_aranges
                0x0000000000000000       0x20 /usr/lib/gcc/arm-none-eabi/10.3.1/../../../arm-none-eabi/lib/thumb/v7e-m+fp/hard/libc_nano.a(lib_a-init.o)
 .debug_aranges
                0x0000000000000020       0x20 /usr/lib/gcc/arm-none-eabi/10.3.1/../../../arm-none-eabi/lib/thumb/v7e-m+fp/hard/libc_nano.a(lib_a-memset.o)
 .debug_aranges
                0x0000000000000040       0x40 CMakeFiles/STMidi.dir/Core/Src/main.c.obj
 .debug_aranges
                0x0000000000000080       0x60 CMakeFiles/STMidi.dir/Core/Src/stm32f4xx_it.c.obj
 .debug_aranges
                0x00000000000000e0       0x30 CMakeFiles/STMidi.dir/Core/Src/stm32f4xx_hal_msp.c.obj
 .debug_aranges
                0x0000000000000110      0x208 CMakeFiles/STMidi.dir/Drivers/STM32F4xx_HAL_Driver/Src/stm32f4xx_hal_uart.c.obj
 .debug_aranges
                0x0000000000000318       0x88 CMakeFiles/STMidi.dir/Drivers/STM32F4xx_HAL_Driver/Src/stm32f4xx_hal_rcc.c.obj
 .debug_aranges
                0x00000000000003a0       0x58 CMakeFiles/STMidi.dir/Drivers/STM32F4xx_HAL_Driver/Src/stm32f4xx_hal_gpio.c.obj
 .debug_aranges
                0x00000000000003f8      0x130 CMakeFiles/STMidi.dir/Drivers/STM32F4xx_HAL_Driver/Src/stm32f4xx_hal_cortex.c.obj
 .debug_aranges
                0x0000000000000528       0xf0 CMakeFiles/STMidi.dir/Drivers/STM32F4xx_HAL_Driver/Src/stm32f4xx_hal.c.obj
 .debug_aranges
                0x0000000000000618       0x28 CMakeFiles/STMidi.dir/Core/Src/system_stm32f4xx.c.obj
 .debug_aranges
                0x0000000000000640       0x28 CMakeFiles/STMidi.dir/startup_stm32f401xe.s.obj
 .debug_aranges
                0x0000000000000668       0x20 /usr/lib/gcc/arm-none-eabi/10.3.1/thumb/v7e-m+fp/hard/libgcc.a(_aeabi_uldivmod.o)
 .debug_aranges
                0x0000000000000688       0x20 /usr/lib/gcc/arm-none-eabi/10.3.1/thumb/v7e-m+fp/hard/libgcc.a(_udivmoddi4.o)
 .debug_aranges
                0x00000000000006a8       0x20 /usr/lib/gcc/arm-none-eabi/10.3.1/thumb/v7e-m+fp/hard/libgcc.a(_dvmd_tls.o)

.debug_line     0x0000000000000000     0x6ea2
 .debug_line    0x0000000000000000      0x138 /usr/lib/gcc/arm-none-eabi/10.3.1/../../../arm-none-eabi/lib/thumb/v7e-m+fp/hard/libc_nano.a(lib_a-init.o)
 .debug_line    0x0000000000000138      0x1bf /usr/lib/gcc/arm-none-eabi/10.3.1/../../../arm-none-eabi/lib/thumb/v7e-m+fp/hard/libc_nano.a(lib_a-memset.o)
 .debug_line    0x00000000000002f7      0x609 CMakeFiles/STMidi.dir/Core/Src/main.c.obj
 .debug_line    0x0000000000000900      0x5bd CMakeFiles/STMidi.dir/Core/Src/stm32f4xx_it.c.obj
 .debug_line    0x0000000000000ebd      0x547 CMakeFiles/STMidi.dir/Core/Src/stm32f4xx_hal_msp.c.obj
 .debug_line    0x0000000000001404     0x26d3 CMakeFiles/STMidi.dir/Drivers/STM32F4xx_HAL_Driver/Src/stm32f4xx_hal_uart.c.obj
 .debug_line    0x0000000000003ad7      0xb76 CMakeFiles/STMidi.dir/Drivers/STM32F4xx_HAL_Driver/Src/stm32f4xx_hal_rcc.c.obj
 .debug_line    0x000000000000464d      0x91a CMakeFiles/STMidi.dir/Drivers/STM32F4xx_HAL_Driver/Src/stm32f4xx_hal_gpio.c.obj
 .debug_line    0x0000000000004f67      0xadc CMakeFiles/STMidi.dir/Drivers/STM32F4xx_HAL_Driver/Src/stm32f4xx_hal_cortex.c.obj
 .debug_line    0x0000000000005a43      0x7e2 CMakeFiles/STMidi.dir/Drivers/STM32F4xx_HAL_Driver/Src/stm32f4xx_hal.c.obj
 .debug_line    0x0000000000006225      0x56d CMakeFiles/STMidi.dir/Core/Src/system_stm32f4xx.c.obj
 .debug_line    0x0000000000006792       0xa2 CMakeFiles/STMidi.dir/startup_stm32f401xe.s.obj
 .debug_line    0x0000000000006834       0x60 /usr/lib/gcc/arm-none-eabi/10.3.1/thumb/v7e-m+fp/hard/libgcc.a(_aeabi_uldivmod.o)
 .debug_line    0x0000000000006894      0x5ae /usr/lib/gcc/arm-none-eabi/10.3.1/thumb/v7e-m+fp/hard/libgcc.a(_udivmoddi4.o)
 .debug_line    0x0000000000006e42       0x60 /usr/lib/gcc/arm-none-eabi/10.3.1/thumb/v7e-m+fp/hard/libgcc.a(_dvmd_tls.o)

.debug_str      0x0000000000000000    0x81670
 .debug_str     0x0000000000000000      0x17b /usr/lib/gcc/arm-none-eabi/10.3.1/../../../arm-none-eabi/lib/thumb/v7e-m+fp/hard/libc_nano.a(lib_a-init.o)
                                        0x20b (size before relaxing)
 .debug_str     0x000000000000017b       0xb1 /usr/lib/gcc/arm-none-eabi/10.3.1/../../../arm-none-eabi/lib/thumb/v7e-m+fp/hard/libc_nano.a(lib_a-memset.o)
                                        0x1c0 (size before relaxing)
 .debug_str     0x000000000000022c    0x7f358 CMakeFiles/STMidi.dir/Core/Src/main.c.obj
                                      0x7f621 (size before relaxing)
 .debug_str     0x000000000007f584       0xe6 CMakeFiles/STMidi.dir/Core/Src/stm32f4xx_it.c.obj
                                      0x7ef33 (size before relaxing)
 .debug_str     0x000000000007f66a       0x7f CMakeFiles/STMidi.dir/Core/Src/stm32f4xx_hal_msp.c.obj
                                      0x7f4ac (size before relaxing)
 .debug_str     0x000000000007f6e9      0x68a CMakeFiles/STMidi.dir/Drivers/STM32F4xx_HAL_Driver/Src/stm32f4xx_hal_uart.c.obj
                                      0x7f8b6 (size before relaxing)
 .debug_str     0x000000000007fd73      0x2d7 CMakeFiles/STMidi.dir/Drivers/STM32F4xx_HAL_Driver/Src/stm32f4xx_hal_rcc.c.obj
                                      0x7f337 (size before relaxing)
 .debug_str     0x000000000008004a      0x188 CMakeFiles/STMidi.dir/Drivers/STM32F4xx_HAL_Driver/Src/stm32f4xx_hal_gpio.c.obj
                                      0x7f0b0 (size before relaxing)
 .debug_str     0x00000000000801d2      0x7ee CMakeFiles/STMidi.dir/Drivers/STM32F4xx_HAL_Driver/Src/stm32f4xx_hal_cortex.c.obj
                                      0x7f6c2 (size before relaxing)
 .debug_str     0x00000000000809c0      0x5d5 CMakeFiles/STMidi.dir/Drivers/STM32F4xx_HAL_Driver/Src/stm32f4xx_hal.c.obj
                                      0x7f91d (size before relaxing)
 .debug_str     0x0000000000080f95       0x73 CMakeFiles/STMidi.dir/Core/Src/system_stm32f4xx.c.obj
                                      0x7ef40 (size before relaxing)
 .debug_str     0x0000000000081008       0x4e CMakeFiles/STMidi.dir/startup_stm32f401xe.s.obj
                                         0x7a (size before relaxing)
 .debug_str     0x0000000000081056       0xa6 /usr/lib/gcc/arm-none-eabi/10.3.1/thumb/v7e-m+fp/hard/libgcc.a(_aeabi_uldivmod.o)
 .debug_str     0x00000000000810fc      0x544 /usr/lib/gcc/arm-none-eabi/10.3.1/thumb/v7e-m+fp/hard/libgcc.a(_udivmoddi4.o)
                                        0x647 (size before relaxing)
 .debug_str     0x0000000000081640       0x30 /usr/lib/gcc/arm-none-eabi/10.3.1/thumb/v7e-m+fp/hard/libgcc.a(_dvmd_tls.o)
                                         0xaa (size before relaxing)

.debug_frame    0x0000000000000000     0x184c
 .debug_frame   0x0000000000000000       0x2c /usr/lib/gcc/arm-none-eabi/10.3.1/../../../arm-none-eabi/lib/thumb/v7e-m+fp/hard/libc_nano.a(lib_a-init.o)
 .debug_frame   0x000000000000002c       0x2c /usr/lib/gcc/arm-none-eabi/10.3.1/../../../arm-none-eabi/lib/thumb/v7e-m+fp/hard/libc_nano.a(lib_a-memset.o)
 .debug_frame   0x0000000000000058       0xa8 CMakeFiles/STMidi.dir/Core/Src/main.c.obj
 .debug_frame   0x0000000000000100      0x104 CMakeFiles/STMidi.dir/Core/Src/stm32f4xx_it.c.obj
 .debug_frame   0x0000000000000204       0x80 CMakeFiles/STMidi.dir/Core/Src/stm32f4xx_hal_msp.c.obj
 .debug_frame   0x0000000000000284      0x954 CMakeFiles/STMidi.dir/Drivers/STM32F4xx_HAL_Driver/Src/stm32f4xx_hal_uart.c.obj
 .debug_frame   0x0000000000000bd8      0x1f4 CMakeFiles/STMidi.dir/Drivers/STM32F4xx_HAL_Driver/Src/stm32f4xx_hal_rcc.c.obj
 .debug_frame   0x0000000000000dcc      0x14c CMakeFiles/STMidi.dir/Drivers/STM32F4xx_HAL_Driver/Src/stm32f4xx_hal_gpio.c.obj
 .debug_frame   0x0000000000000f18      0x508 CMakeFiles/STMidi.dir/Drivers/STM32F4xx_HAL_Driver/Src/stm32f4xx_hal_cortex.c.obj
 .debug_frame   0x0000000000001420      0x374 CMakeFiles/STMidi.dir/Drivers/STM32F4xx_HAL_Driver/Src/stm32f4xx_hal.c.obj
 .debug_frame   0x0000000000001794       0x58 CMakeFiles/STMidi.dir/Core/Src/system_stm32f4xx.c.obj
 .debug_frame   0x00000000000017ec       0x2c /usr/lib/gcc/arm-none-eabi/10.3.1/thumb/v7e-m+fp/hard/libgcc.a(_aeabi_uldivmod.o)
 .debug_frame   0x0000000000001818       0x34 /usr/lib/gcc/arm-none-eabi/10.3.1/thumb/v7e-m+fp/hard/libgcc.a(_udivmoddi4.o)

.debug_ranges   0x0000000000000000      0x6a8
 .debug_ranges  0x0000000000000000       0x30 CMakeFiles/STMidi.dir/Core/Src/main.c.obj
 .debug_ranges  0x0000000000000030       0x50 CMakeFiles/STMidi.dir/Core/Src/stm32f4xx_it.c.obj
 .debug_ranges  0x0000000000000080       0x20 CMakeFiles/STMidi.dir/Core/Src/stm32f4xx_hal_msp.c.obj
 .debug_ranges  0x00000000000000a0      0x228 CMakeFiles/STMidi.dir/Drivers/STM32F4xx_HAL_Driver/Src/stm32f4xx_hal_uart.c.obj
 .debug_ranges  0x00000000000002c8       0x78 CMakeFiles/STMidi.dir/Drivers/STM32F4xx_HAL_Driver/Src/stm32f4xx_hal_rcc.c.obj
 .debug_ranges  0x0000000000000340       0x48 CMakeFiles/STMidi.dir/Drivers/STM32F4xx_HAL_Driver/Src/stm32f4xx_hal_gpio.c.obj
 .debug_ranges  0x0000000000000388      0x120 CMakeFiles/STMidi.dir/Drivers/STM32F4xx_HAL_Driver/Src/stm32f4xx_hal_cortex.c.obj
 .debug_ranges  0x00000000000004a8       0xe0 CMakeFiles/STMidi.dir/Drivers/STM32F4xx_HAL_Driver/Src/stm32f4xx_hal.c.obj
 .debug_ranges  0x0000000000000588       0x18 CMakeFiles/STMidi.dir/Core/Src/system_stm32f4xx.c.obj
 .debug_ranges  0x00000000000005a0       0x20 CMakeFiles/STMidi.dir/startup_stm32f401xe.s.obj
 .debug_ranges  0x00000000000005c0       0xe8 /usr/lib/gcc/arm-none-eabi/10.3.1/thumb/v7e-m+fp/hard/libgcc.a(_udivmoddi4.o)

.debug_macro    0x0000000000000000    0x14377
 .debug_macro   0x0000000000000000      0x184 CMakeFiles/STMidi.dir/Core/Src/main.c.obj
 .debug_macro   0x0000000000000184      0xa78 CMakeFiles/STMidi.dir/Core/Src/main.c.obj
 .debug_macro   0x0000000000000bfc      0x295 CMakeFiles/STMidi.dir/Core/Src/main.c.obj
 .debug_macro   0x0000000000000e91       0x2e CMakeFiles/STMidi.dir/Core/Src/main.c.obj
 .debug_macro   0x0000000000000ebf       0x28 CMakeFiles/STMidi.dir/Core/Src/main.c.obj
 .debug_macro   0x0000000000000ee7      0x34e CMakeFiles/STMidi.dir/Core/Src/main.c.obj
 .debug_macro   0x0000000000001235       0x1c CMakeFiles/STMidi.dir/Core/Src/main.c.obj
 .debug_macro   0x0000000000001251       0x22 CMakeFiles/STMidi.dir/Core/Src/main.c.obj
 .debug_macro   0x0000000000001273       0xfb CMakeFiles/STMidi.dir/Core/Src/main.c.obj
 .debug_macro   0x000000000000136e     0x1011 CMakeFiles/STMidi.dir/Core/Src/main.c.obj
 .debug_macro   0x000000000000237f      0x11f CMakeFiles/STMidi.dir/Core/Src/main.c.obj
 .debug_macro   0x000000000000249e     0xb881 CMakeFiles/STMidi.dir/Core/Src/main.c.obj
 .debug_macro   0x000000000000dd1f       0x6d CMakeFiles/STMidi.dir/Core/Src/main.c.obj
 .debug_macro   0x000000000000dd8c     0x3693 CMakeFiles/STMidi.dir/Core/Src/main.c.obj
 .debug_macro   0x000000000001141f      0x174 CMakeFiles/STMidi.dir/Core/Src/main.c.obj
 .debug_macro   0x0000000000011593       0x5c CMakeFiles/STMidi.dir/Core/Src/main.c.obj
 .debug_macro   0x00000000000115ef      0x416 CMakeFiles/STMidi.dir/Core/Src/main.c.obj
 .debug_macro   0x0000000000011a05      0x9e9 CMakeFiles/STMidi.dir/Core/Src/main.c.obj
 .debug_macro   0x00000000000123ee      0x115 CMakeFiles/STMidi.dir/Core/Src/main.c.obj
 .debug_macro   0x0000000000012503       0xf8 CMakeFiles/STMidi.dir/Core/Src/main.c.obj
 .debug_macro   0x00000000000125fb       0xa5 CMakeFiles/STMidi.dir/Core/Src/main.c.obj
 .debug_macro   0x00000000000126a0      0x15f CMakeFiles/STMidi.dir/Core/Src/main.c.obj
 .debug_macro   0x00000000000127ff      0x287 CMakeFiles/STMidi.dir/Core/Src/main.c.obj
 .debug_macro   0x0000000000012a86       0x5f CMakeFiles/STMidi.dir/Core/Src/main.c.obj
 .debug_macro   0x0000000000012ae5      0x236 CMakeFiles/STMidi.dir/Core/Src/main.c.obj
 .debug_macro   0x0000000000012d1b      0x132 CMakeFiles/STMidi.dir/Core/Src/main.c.obj
 .debug_macro   0x0000000000012e4d      0x264 CMakeFiles/STMidi.dir/Core/Src/main.c.obj
 .debug_macro   0x00000000000130b1       0x2e CMakeFiles/STMidi.dir/Core/Src/main.c.obj
 .debug_macro   0x00000000000130df      0x127 CMakeFiles/STMidi.dir/Core/Src/main.c.obj
 .debug_macro   0x0000000000013206       0x85 CMakeFiles/STMidi.dir/Core/Src/main.c.obj
 .debug_macro   0x000000000001328b       0x89 CMakeFiles/STMidi.dir/Core/Src/main.c.obj
 .debug_macro   0x0000000000013314      0x2aa CMakeFiles/STMidi.dir/Core/Src/main.c.obj
 .debug_macro   0x00000000000135be      0x126 CMakeFiles/STMidi.dir/Core/Src/main.c.obj
 .debug_macro   0x00000000000136e4       0x58 CMakeFiles/STMidi.dir/Core/Src/main.c.obj
 .debug_macro   0x000000000001373c      0x18a CMakeFiles/STMidi.dir/Core/Src/stm32f4xx_it.c.obj
 .debug_macro   0x00000000000138c6      0x180 CMakeFiles/STMidi.dir/Core/Src/stm32f4xx_hal_msp.c.obj
 .debug_macro   0x0000000000013a46      0x172 CMakeFiles/STMidi.dir/Drivers/STM32F4xx_HAL_Driver/Src/stm32f4xx_hal_uart.c.obj
 .debug_macro   0x0000000000013bb8      0x195 CMakeFiles/STMidi.dir/Drivers/STM32F4xx_HAL_Driver/Src/stm32f4xx_hal_rcc.c.obj
 .debug_macro   0x0000000000013d4d      0x177 CMakeFiles/STMidi.dir/Drivers/STM32F4xx_HAL_Driver/Src/stm32f4xx_hal_gpio.c.obj
 .debug_macro   0x0000000000013ec4      0x171 CMakeFiles/STMidi.dir/Drivers/STM32F4xx_HAL_Driver/Src/stm32f4xx_hal_cortex.c.obj
 .debug_macro   0x0000000000014035      0x1d1 CMakeFiles/STMidi.dir/Drivers/STM32F4xx_HAL_Driver/Src/stm32f4xx_hal.c.obj
 .debug_macro   0x0000000000014206      0x171 CMakeFiles/STMidi.dir/Core/Src/system_stm32f4xx.c.obj
